../Drivers/STM32WBxx_HAL_Driver/Inc/stm32wbxx_ll_rcc.h:1666:22:LL_RCC_LSE_SetDriveCapability	16	static
../Drivers/STM32WBxx_HAL_Driver/Inc/stm32wbxx_ll_bus.h:539:22:LL_AHB2_GRP1_EnableClock	24	static
../Core/Src/main.c:99:5:main	8	static
../Core/Src/main.c:192:6:SystemClock_Config	112	static
../Core/Src/main.c:258:6:PeriphCommonClock_Config	88	static
../Core/Src/main.c:282:13:MX_USART1_UART_Init	8	static
../Core/Src/main.c:330:13:MX_USB_PCD_Init	8	static
../Core/Src/main.c:363:13:MX_GPIO_Init	32	static
../Core/Src/main.c:408:6:uartDefaultTask	16	static
../Core/Src/main.c:430:6:ledDefaultTask	16	static
../Core/Src/main.c:447:6:uartTimerCallback	16	static
../Core/Src/main.c:455:6:ledTimerCallback	16	static
../Core/Src/main.c:470:6:HAL_TIM_PeriodElapsedCallback	16	static
../Core/Src/main.c:487:6:Error_Handler	4	static,ignoring_inline_asm
